// Jest Snapshot v1, https://goo.gl/fbAQLP

exports[`Products should render correctly 1`] = `
<thead
  className="MuiTableHead-root"
>
  <tr
    className="MuiTableRow-root h-64 MuiTableRow-head"
  >
    <th
      aria-sort={null}
      className="MuiTableCell-root MuiTableCell-head relative w-64 text-center MuiTableCell-paddingNone"
      scope="col"
    >
      <span
        aria-disabled={false}
        className="MuiButtonBase-root MuiIconButton-root PrivateSwitchBase-root-6 MuiCheckbox-root MuiCheckbox-colorSecondary MuiCheckbox-indeterminate MuiIconButton-colorSecondary"
        onBlur={[Function]}
        onDragLeave={[Function]}
        onFocus={[Function]}
        onKeyDown={[Function]}
        onKeyUp={[Function]}
        onMouseDown={[Function]}
        onMouseLeave={[Function]}
        onMouseUp={[Function]}
        onTouchEnd={[Function]}
        onTouchMove={[Function]}
        onTouchStart={[Function]}
        tabIndex={null}
      >
        <span
          className="MuiIconButton-label"
        >
          <input
            checked={false}
            className="PrivateSwitchBase-input-9"
            data-indeterminate={true}
            onChange={[Function]}
            type="checkbox"
          />
          <svg
            aria-hidden="true"
            className="MuiSvgIcon-root"
            focusable="false"
            role="presentation"
            viewBox="0 0 24 24"
          >
            <path
              d="M19 3H5c-1.1 0-2 .9-2 2v14c0 1.1.9 2 2 2h14c1.1 0 2-.9 2-2V5c0-1.1-.9-2-2-2zm-2 10H7v-2h10v2z"
            />
          </svg>
        </span>
        <span
          className="MuiTouchRipple-root"
        />
      </span>
      <div
        className="flex items-center justify-center absolute w-64 top-0 ltr:left-0 rtl:right-0 mx-56 h-64 z-10 makeStyles-actionsButtonWrapper-2"
      >
        <button
          aria-haspopup="true"
          aria-owns={null}
          className="MuiButtonBase-root MuiIconButton-root"
          disabled={false}
          onBlur={[Function]}
          onClick={[Function]}
          onDragLeave={[Function]}
          onFocus={[Function]}
          onKeyDown={[Function]}
          onKeyUp={[Function]}
          onMouseDown={[Function]}
          onMouseLeave={[Function]}
          onMouseUp={[Function]}
          onTouchEnd={[Function]}
          onTouchMove={[Function]}
          onTouchStart={[Function]}
          tabIndex={0}
          type="button"
        >
          <span
            className="MuiIconButton-label"
          >
            <span
              aria-hidden={true}
              className="material-icons MuiIcon-root"
            >
              more_horiz
            </span>
          </span>
          <span
            className="MuiTouchRipple-root"
          />
        </button>
      </div>
    </th>
    <th
      aria-sort={null}
      className="MuiTableCell-root MuiTableCell-head MuiTableCell-alignLeft MuiTableCell-paddingNone"
      scope="col"
    />
    <th
      aria-sort={null}
      className="MuiTableCell-root MuiTableCell-head MuiTableCell-alignLeft"
      scope="col"
    >
      <span
        aria-describedby={null}
        aria-disabled={false}
        className="MuiButtonBase-root MuiTableSortLabel-root"
        onBlur={[Function]}
        onClick={[Function]}
        onDragLeave={[Function]}
        onFocus={[Function]}
        onKeyDown={[Function]}
        onKeyUp={[Function]}
        onMouseDown={[Function]}
        onMouseLeave={[Function]}
        onMouseOver={[Function]}
        onMouseUp={[Function]}
        onTouchEnd={[Function]}
        onTouchMove={[Function]}
        onTouchStart={[Function]}
        role="button"
        tabIndex={0}
        title="Sort"
      >
        Name
        <svg
          aria-hidden="true"
          className="MuiSvgIcon-root MuiTableSortLabel-icon MuiTableSortLabel-iconDirectionAsc"
          focusable="false"
          role="presentation"
          viewBox="0 0 24 24"
        >
          <path
            d="M20 12l-1.41-1.41L13 16.17V4h-2v12.17l-5.58-5.59L4 12l8 8 8-8z"
          />
        </svg>
      </span>
    </th>
    <th
      aria-sort={null}
      className="MuiTableCell-root MuiTableCell-head MuiTableCell-alignLeft"
      scope="col"
    >
      <span
        aria-describedby={null}
        aria-disabled={false}
        className="MuiButtonBase-root MuiTableSortLabel-root"
        onBlur={[Function]}
        onClick={[Function]}
        onDragLeave={[Function]}
        onFocus={[Function]}
        onKeyDown={[Function]}
        onKeyUp={[Function]}
        onMouseDown={[Function]}
        onMouseLeave={[Function]}
        onMouseOver={[Function]}
        onMouseUp={[Function]}
        onTouchEnd={[Function]}
        onTouchMove={[Function]}
        onTouchStart={[Function]}
        role="button"
        tabIndex={0}
        title="Sort"
      >
        Category
        <svg
          aria-hidden="true"
          className="MuiSvgIcon-root MuiTableSortLabel-icon MuiTableSortLabel-iconDirectionAsc"
          focusable="false"
          role="presentation"
          viewBox="0 0 24 24"
        >
          <path
            d="M20 12l-1.41-1.41L13 16.17V4h-2v12.17l-5.58-5.59L4 12l8 8 8-8z"
          />
        </svg>
      </span>
    </th>
    <th
      aria-sort={null}
      className="MuiTableCell-root MuiTableCell-head MuiTableCell-alignRight"
      scope="col"
    >
      <span
        aria-describedby={null}
        aria-disabled={false}
        className="MuiButtonBase-root MuiTableSortLabel-root"
        onBlur={[Function]}
        onClick={[Function]}
        onDragLeave={[Function]}
        onFocus={[Function]}
        onKeyDown={[Function]}
        onKeyUp={[Function]}
        onMouseDown={[Function]}
        onMouseLeave={[Function]}
        onMouseOver={[Function]}
        onMouseUp={[Function]}
        onTouchEnd={[Function]}
        onTouchMove={[Function]}
        onTouchStart={[Function]}
        role="button"
        tabIndex={0}
        title="Sort"
      >
        Price
        <svg
          aria-hidden="true"
          className="MuiSvgIcon-root MuiTableSortLabel-icon MuiTableSortLabel-iconDirectionAsc"
          focusable="false"
          role="presentation"
          viewBox="0 0 24 24"
        >
          <path
            d="M20 12l-1.41-1.41L13 16.17V4h-2v12.17l-5.58-5.59L4 12l8 8 8-8z"
          />
        </svg>
      </span>
    </th>
    <th
      aria-sort={null}
      className="MuiTableCell-root MuiTableCell-head MuiTableCell-alignRight"
      scope="col"
    >
      <span
        aria-describedby={null}
        aria-disabled={false}
        className="MuiButtonBase-root MuiTableSortLabel-root"
        onBlur={[Function]}
        onClick={[Function]}
        onDragLeave={[Function]}
        onFocus={[Function]}
        onKeyDown={[Function]}
        onKeyUp={[Function]}
        onMouseDown={[Function]}
        onMouseLeave={[Function]}
        onMouseOver={[Function]}
        onMouseUp={[Function]}
        onTouchEnd={[Function]}
        onTouchMove={[Function]}
        onTouchStart={[Function]}
        role="button"
        tabIndex={0}
        title="Sort"
      >
        Quantity
        <svg
          aria-hidden="true"
          className="MuiSvgIcon-root MuiTableSortLabel-icon MuiTableSortLabel-iconDirectionAsc"
          focusable="false"
          role="presentation"
          viewBox="0 0 24 24"
        >
          <path
            d="M20 12l-1.41-1.41L13 16.17V4h-2v12.17l-5.58-5.59L4 12l8 8 8-8z"
          />
        </svg>
      </span>
    </th>
    <th
      aria-sort={null}
      className="MuiTableCell-root MuiTableCell-head MuiTableCell-alignRight"
      scope="col"
    >
      <span
        aria-describedby={null}
        aria-disabled={false}
        className="MuiButtonBase-root MuiTableSortLabel-root"
        onBlur={[Function]}
        onClick={[Function]}
        onDragLeave={[Function]}
        onFocus={[Function]}
        onKeyDown={[Function]}
        onKeyUp={[Function]}
        onMouseDown={[Function]}
        onMouseLeave={[Function]}
        onMouseOver={[Function]}
        onMouseUp={[Function]}
        onTouchEnd={[Function]}
        onTouchMove={[Function]}
        onTouchStart={[Function]}
        role="button"
        tabIndex={0}
        title="Sort"
      >
        Active
        <svg
          aria-hidden="true"
          className="MuiSvgIcon-root MuiTableSortLabel-icon MuiTableSortLabel-iconDirectionAsc"
          focusable="false"
          role="presentation"
          viewBox="0 0 24 24"
        >
          <path
            d="M20 12l-1.41-1.41L13 16.17V4h-2v12.17l-5.58-5.59L4 12l8 8 8-8z"
          />
        </svg>
      </span>
    </th>
  </tr>
</thead>
`;
